// Jest Snapshot v1, https://goo.gl/fbAQLP

exports[`<Textarea> renders correctly 1`] = `
<textarea
  onInput={[Function]}
  style={
    Object {
      "height": "auto",
      "overflow": "hidden",
      "resize": "none",
    }
  }
/>
`;
