// Jest Snapshot v1, https://goo.gl/fbAQLP

exports[`<FauxAnnotation> renders correctly 1`] = `
<span
  className="ImageDecorator icon"
  onClick={[Function]}
  style={
    Object {
      "backgroundImage": "url(article/glyphicon-pushpin.png)",
    }
  }
>
  ã€€
</span>
`;
