// Jest Snapshot v1, https://goo.gl/fbAQLP

exports[`<Footer> renders correctly 1`] = `
<div
  className="page-footer"
>
  <div
    className="backToTop"
  >
    <a
      href="#"
    >
      <div
        className="arrow"
      />
      Back to Top
    </a>
  </div>
  <div
    className="footer-logo"
  >
    <a
      href="/"
    />
  </div>
  <div
    className="container-fluid"
  >
    <div
      className="row"
    >
      <div
        className="col-sm-3 col-xs-6"
      >
        <h1>
          Capeia
        </h1>
        <ul>
          <li>
            <a
              href="/welcome"
            >
              About the Platform
            </a>
          </li>
          <li>
            <a
              href="/faq"
            >
              Frequently Asked Questions
            </a>
          </li>
          <li>
            <a
              href="/info-for-institutes"
            >
              Information for Research Institutes
            </a>
          </li>
          <li>
            <a
              href="https://www.twitter.com/CapeiaScience"
              target="_blank"
            >
              <div
                className="twitterIcon"
              >
                <div
                  style={
                    Object {
                      "height": 20,
                      "width": 20,
                    }
                  }
                >
                  <svg
                    className="social-icon social-icon--twitter "
                    fill="#2f3240"
                    height={20}
                    viewBox="0 0 64 64"
                    width={20}
                  >
                    <g>
                      <circle
                        cx="32"
                        cy="32"
                        fill="#00aced"
                        r="31"
                        style={
                          Object {
                            "fill": "white",
                            "fillOpacity": 0.8,
                          }
                        }
                      />
                    </g>
                    <g>
                      <path
                        d="M48,22.1c-1.2,0.5-2.4,0.9-3.8,1c1.4-0.8,2.4-2.1,2.9-3.6c-1.3,0.8-2.7,1.3-4.2,1.6 C41.7,19.8,40,19,38.2,19c-3.6,0-6.6,2.9-6.6,6.6c0,0.5,0.1,1,0.2,1.5c-5.5-0.3-10.3-2.9-13.5-6.9c-0.6,1-0.9,2.1-0.9,3.3 c0,2.3,1.2,4.3,2.9,5.5c-1.1,0-2.1-0.3-3-0.8c0,0,0,0.1,0,0.1c0,3.2,2.3,5.8,5.3,6.4c-0.6,0.1-1.1,0.2-1.7,0.2c-0.4,0-0.8,0-1.2-0.1 c0.8,2.6,3.3,4.5,6.1,4.6c-2.2,1.8-5.1,2.8-8.2,2.8c-0.5,0-1.1,0-1.6-0.1c2.9,1.9,6.4,2.9,10.1,2.9c12.1,0,18.7-10,18.7-18.7 c0-0.3,0-0.6,0-0.8C46,24.5,47.1,23.4,48,22.1z"
                      />
                    </g>
                  </svg>
                </div>
              </div>
              Stay in Touch
            </a>
          </li>
        </ul>
      </div>
      <div
        className="col-sm-3 col-xs-6"
      >
        <h1>
          Ressorts
        </h1>
        <ul>
          <li>
            <a
              href="/stem-cells"
            >
              Stem Cells
            </a>
          </li>
          <li>
            <a
              href="/brain-and-nerves"
            >
              Brain & Nerves
            </a>
          </li>
          <li>
            <a
              href="/cancer"
            >
              Cancer
            </a>
          </li>
          <li>
            <a
              href="/zoology"
            >
              Zoology
            </a>
          </li>
          <li>
            <a
              href="/paleobiology"
            >
              Paleobiology
            </a>
          </li>
          <li>
            <a
              href="/planetary-science"
            >
              Planetary Science
            </a>
          </li>
        </ul>
      </div>
      <div
        className="col-sm-3 col-xs-6"
      >
        <h1>
          Imprint
        </h1>
        <ul>
          <li>
            <a
              href="/who"
            >
              Who
            </a>
          </li>
          <li>
            <a
              href="/terms-of-use"
            >
              Terms of Use
            </a>
          </li>
          <li>
            <a
              href="/contact"
            >
              Contact
            </a>
          </li>
          <li>
            <a
              href="https://www.newswire.com/news/launch-of-the-science-platform-capeia-19265208"
              target="_blank"
            >
              Press
            </a>
          </li>
          <li>
            <a
              href="/rules-and-guidelines"
            >
              Rules & Guidelines
            </a>
          </li>
        </ul>
      </div>
      <div
        className="col-sm-3 col-xs-6"
      >
        <h1>
          Contribute
        </h1>
        <ul>
          <li>
            <a
              href="/register"
            >
              Become an Author
            </a>
          </li>
          <li>
             
          </li>
          <li>
             
          </li>
          <li>
             
          </li>
          <li>
             
          </li>
          <li>
            <a
              href="/a-gap-in-society"
            >
              A Gap in Society
            </a>
          </li>
        </ul>
      </div>
    </div>
    <div
      className="row"
    >
      <div
        className="netidee"
      >
        Part of Netidee call 10
      </div>
    </div>
  </div>
</div>
`;
