// Jest Snapshot v1, https://goo.gl/fbAQLP

exports[`<IntroContainer> renders correctly 1`] = `
<div
  className="container-fluid"
>
  <div
    className="IntroContainer row"
  >
    <div
      className="col-lg-8 col-lg-offset-2 col-md-10 col-md-offset-1"
    />
  </div>
</div>
`;
